// Jest Snapshot v1, https://goo.gl/fbAQLP

exports[`renders correctly 1`] = `
<div
  className="App"
>
  <h1>
    silverorange Repos
  </h1>
  <button
    onClick={[Function]}
    type="button"
  >
    All
  </button>
</div>
`;
